Part 2

To setup our dhcpd service we edit the file /etc/dhcp/dhcpd.conf

$ sudo vi /etc/dhcp/dhcpd.conf

Set:
option domain-name "ops245.org";
option domain-name-servers 192.168.245.1;
default-lease-time 1200;
max-lease-time 3600;

** Note lines end with ;

Part 3

Look for example subnet declaration and edit it,

subnet 192.168.245.0 netmask 255.255.255.0 {
	range 192.168.245.51 192,168.245.60;
	option routers 192.168.245.1;
}

Save and quit

on c7host
$ ssh ops245@centos3

$ sudo tail -F /var/log/messages

on centos3
$ sudo systemctl status dhcpd
$ sudo systemctl start dhcpd

If no errors lets introduce some

$ sudo vi /etc/dhcp/dhcpd

Remove a ;
Remove a closing }

Save and quit

$ sudo systemctl restart dhcpd

on c7host
review new messages
fix errors

systemctl status dhcpd
systemctl enable dhcpd

Part 4
on c7host
via ssh to centos3

$ sudo tail -F /var/log/messages

On centos1
Click on settings
Settings on Wired
IPv4 tab
Select Automatic
Apply and close
Turn off network and restart
Review log
open terminal

$ ip address
